
--- 2026-09-12 19:36:45 ---

               total        used        free      shared  buff/cache   available Mem:           1.9Gi       157Mi       1.1Gi       1.0Mi       707Mi       1.7Gi Swap:             0B          0B          0B 
Filesystem      Size  Used Avail Use% Mounted on tmpfs           197M  1.2M  196M   1% /run /dev/sda1       9.6G  1.9G  7.7G  20% / tmpfs           984M     0  984M   0% /dev/shm tmpfs           5.0M     0  5.0M   0% /run/lock /dev/sda15       98M  6.3M   92M   7% /boot/efi tmpfs           197M  4.0K  197M   1% /run/user/1000 
 19:36:45 up  2:18,  1 user,  load average: 0.16, 0.03, 0.01 
--- 2026-09-12 19:36:48 ---

               total        used        free      shared  buff/cache   available Mem:           1.9Gi       157Mi       1.1Gi       1.0Mi       707Mi       1.7Gi Swap:             0B          0B          0B 
Filesystem      Size  Used Avail Use% Mounted on tmpfs           197M  1.2M  196M   1% /run /dev/sda1       9.6G  1.9G  7.7G  20% / tmpfs           984M     0  984M   0% /dev/shm tmpfs           5.0M     0  5.0M   0% /run/lock /dev/sda15       98M  6.3M   92M   7% /boot/efi tmpfs           197M  4.0K  197M   1% /run/user/1000 
 19:36:48 up  2:18,  1 user,  load average: 0.15, 0.03, 0.01 
--- 2026-09-27 12:33:45 ---

               total        used        free      shared  buff/cache   available Mem:           1.9Gi       245Mi       565Mi       1.0Mi       1.1Gi       1.6Gi Swap:             0B          0B          0B 
Filesystem      Size  Used Avail Use% Mounted on overlay         9.6G  2.6G  7.0G  27% / tmpfs            64M     0   64M   0% /dev shm              64M     0   64M   0% /dev/shm /dev/sda1       9.6G  2.6G  7.0G  27% /app/monitor.log tmpfs           984M     0  984M   0% /proc/acpi tmpfs           984M     0  984M   0% /proc/scsi tmpfs           984M     0  984M   0% /sys/devices/virtual/powercap tmpfs           984M     0  984M   0% /sys/firmware 
 12:33:45 up  4:54,  0 users,  load average: 0.18, 0.11, 0.08 
--- 2026-09-27 12:33:48 ---

               total        used        free      shared  buff/cache   available Mem:           1.9Gi       245Mi       564Mi       1.0Mi       1.1Gi       1.6Gi Swap:             0B          0B          0B 
Filesystem      Size  Used Avail Use% Mounted on overlay         9.6G  2.6G  7.0G  27% / tmpfs            64M     0   64M   0% /dev shm              64M     0   64M   0% /dev/shm /dev/sda1       9.6G  2.6G  7.0G  27% /app/monitor.log tmpfs           984M     0  984M   0% /proc/acpi tmpfs           984M     0  984M   0% /proc/scsi tmpfs           984M     0  984M   0% /sys/devices/virtual/powercap tmpfs           984M     0  984M   0% /sys/firmware 
 12:33:48 up  4:54,  0 users,  load average: 0.17, 0.11, 0.08 
--- 2026-09-27 12:33:52 ---

               total        used        free      shared  buff/cache   available Mem:           1.9Gi       245Mi       564Mi       1.0Mi       1.1Gi       1.6Gi Swap:             0B          0B          0B 
Filesystem      Size  Used Avail Use% Mounted on overlay         9.6G  2.6G  7.0G  27% / tmpfs            64M     0   64M   0% /dev shm              64M     0   64M   0% /dev/shm /dev/sda1       9.6G  2.6G  7.0G  27% /app/monitor.log tmpfs           984M     0  984M   0% /proc/acpi tmpfs           984M     0  984M   0% /proc/scsi tmpfs           984M     0  984M   0% /sys/devices/virtual/powercap tmpfs           984M     0  984M   0% /sys/firmware 
 12:33:52 up  4:54,  0 users,  load average: 0.17, 0.11, 0.08 
--- 2026-09-27 12:33:55 ---

               total        used        free      shared  buff/cache   available Mem:           1.9Gi       245Mi       564Mi       1.0Mi       1.1Gi       1.6Gi Swap:             0B          0B          0B 
Filesystem      Size  Used Avail Use% Mounted on overlay         9.6G  2.6G  7.0G  27% / tmpfs            64M     0   64M   0% /dev shm              64M     0   64M   0% /dev/shm /dev/sda1       9.6G  2.6G  7.0G  27% /app/monitor.log tmpfs           984M     0  984M   0% /proc/acpi tmpfs           984M     0  984M   0% /proc/scsi tmpfs           984M     0  984M   0% /sys/devices/virtual/powercap tmpfs           984M     0  984M   0% /sys/firmware 
 12:33:55 up  4:54,  0 users,  load average: 0.16, 0.11, 0.08 
--- 2026-09-27 12:33:58 ---

               total        used        free      shared  buff/cache   available Mem:           1.9Gi       245Mi       564Mi       1.0Mi       1.1Gi       1.6Gi Swap:             0B          0B          0B 
Filesystem      Size  Used Avail Use% Mounted on overlay         9.6G  2.6G  7.0G  27% / tmpfs            64M     0   64M   0% /dev shm              64M     0   64M   0% /dev/shm /dev/sda1       9.6G  2.6G  7.0G  27% /app/monitor.log tmpfs           984M     0  984M   0% /proc/acpi tmpfs           984M     0  984M   0% /proc/scsi tmpfs           984M     0  984M   0% /sys/devices/virtual/powercap tmpfs           984M     0  984M   0% /sys/firmware 
 12:33:58 up  4:54,  0 users,  load average: 0.14, 0.11, 0.08 
--- 2026-09-27 12:34:01 ---

               total        used        free      shared  buff/cache   available Mem:           1.9Gi       245Mi       564Mi       1.0Mi       1.1Gi       1.6Gi Swap:             0B          0B          0B 
Filesystem      Size  Used Avail Use% Mounted on overlay         9.6G  2.6G  7.0G  27% / tmpfs            64M     0   64M   0% /dev shm              64M     0   64M   0% /dev/shm /dev/sda1       9.6G  2.6G  7.0G  27% /app/monitor.log tmpfs           984M     0  984M   0% /proc/acpi tmpfs           984M     0  984M   0% /proc/scsi tmpfs           984M     0  984M   0% /sys/devices/virtual/powercap tmpfs           984M     0  984M   0% /sys/firmware 
 12:34:01 up  4:54,  0 users,  load average: 0.14, 0.11, 0.08 
--- 2026-09-27 12:34:04 ---

               total        used        free      shared  buff/cache   available Mem:           1.9Gi       245Mi       564Mi       1.0Mi       1.1Gi       1.6Gi Swap:             0B          0B          0B 
Filesystem      Size  Used Avail Use% Mounted on overlay         9.6G  2.6G  7.0G  27% / tmpfs            64M     0   64M   0% /dev shm              64M     0   64M   0% /dev/shm /dev/sda1       9.6G  2.6G  7.0G  27% /app/monitor.log tmpfs           984M     0  984M   0% /proc/acpi tmpfs           984M     0  984M   0% /proc/scsi tmpfs           984M     0  984M   0% /sys/devices/virtual/powercap tmpfs           984M     0  984M   0% /sys/firmware 
 12:34:04 up  4:54,  0 users,  load average: 0.13, 0.10, 0.08 
--- 2026-09-27 12:34:07 ---

               total        used        free      shared  buff/cache   available Mem:           1.9Gi       245Mi       564Mi       1.0Mi       1.1Gi       1.6Gi Swap:             0B          0B          0B 
Filesystem      Size  Used Avail Use% Mounted on overlay         9.6G  2.6G  7.0G  27% / tmpfs            64M     0   64M   0% /dev shm              64M     0   64M   0% /dev/shm /dev/sda1       9.6G  2.6G  7.0G  27% /app/monitor.log tmpfs           984M     0  984M   0% /proc/acpi tmpfs           984M     0  984M   0% /proc/scsi tmpfs           984M     0  984M   0% /sys/devices/virtual/powercap tmpfs           984M     0  984M   0% /sys/firmware 
 12:34:07 up  4:54,  0 users,  load average: 0.12, 0.10, 0.08 
--- 2026-09-27 12:34:10 ---

               total        used        free      shared  buff/cache   available Mem:           1.9Gi       245Mi       564Mi       1.0Mi       1.1Gi       1.6Gi Swap:             0B          0B          0B 
Filesystem      Size  Used Avail Use% Mounted on overlay         9.6G  2.6G  7.0G  27% / tmpfs            64M     0   64M   0% /dev shm              64M     0   64M   0% /dev/shm /dev/sda1       9.6G  2.6G  7.0G  27% /app/monitor.log tmpfs           984M     0  984M   0% /proc/acpi tmpfs           984M     0  984M   0% /proc/scsi tmpfs           984M     0  984M   0% /sys/devices/virtual/powercap tmpfs           984M     0  984M   0% /sys/firmware 
 12:34:10 up  4:54,  0 users,  load average: 0.12, 0.10, 0.08 
--- 2026-09-27 12:34:13 ---

               total        used        free      shared  buff/cache   available Mem:           1.9Gi       245Mi       564Mi       1.0Mi       1.1Gi       1.6Gi Swap:             0B          0B          0B 
Filesystem      Size  Used Avail Use% Mounted on overlay         9.6G  2.6G  7.0G  27% / tmpfs            64M     0   64M   0% /dev shm              64M     0   64M   0% /dev/shm /dev/sda1       9.6G  2.6G  7.0G  27% /app/monitor.log tmpfs           984M     0  984M   0% /proc/acpi tmpfs           984M     0  984M   0% /proc/scsi tmpfs           984M     0  984M   0% /sys/devices/virtual/powercap tmpfs           984M     0  984M   0% /sys/firmware 
 12:34:13 up  4:54,  0 users,  load average: 0.11, 0.10, 0.08 
--- 2026-09-27 12:34:16 ---

               total        used        free      shared  buff/cache   available Mem:           1.9Gi       245Mi       564Mi       1.0Mi       1.1Gi       1.6Gi Swap:             0B          0B          0B 
Filesystem      Size  Used Avail Use% Mounted on overlay         9.6G  2.6G  7.0G  27% / tmpfs            64M     0   64M   0% /dev shm              64M     0   64M   0% /dev/shm /dev/sda1       9.6G  2.6G  7.0G  27% /app/monitor.log tmpfs           984M     0  984M   0% /proc/acpi tmpfs           984M     0  984M   0% /proc/scsi tmpfs           984M     0  984M   0% /sys/devices/virtual/powercap tmpfs           984M     0  984M   0% /sys/firmware 
 12:34:16 up  4:54,  0 users,  load average: 0.11, 0.10, 0.08 
--- 2026-09-27 12:34:19 ---

               total        used        free      shared  buff/cache   available Mem:           1.9Gi       245Mi       564Mi       1.0Mi       1.1Gi       1.6Gi Swap:             0B          0B          0B 
Filesystem      Size  Used Avail Use% Mounted on overlay         9.6G  2.6G  7.0G  27% / tmpfs            64M     0   64M   0% /dev shm              64M     0   64M   0% /dev/shm /dev/sda1       9.6G  2.6G  7.0G  27% /app/monitor.log tmpfs           984M     0  984M   0% /proc/acpi tmpfs           984M     0  984M   0% /proc/scsi tmpfs           984M     0  984M   0% /sys/devices/virtual/powercap tmpfs           984M     0  984M   0% /sys/firmware 
 12:34:19 up  4:54,  0 users,  load average: 0.10, 0.10, 0.08 
--- 2026-09-27 12:34:22 ---

               total        used        free      shared  buff/cache   available Mem:           1.9Gi       246Mi       564Mi       1.0Mi       1.1Gi       1.6Gi Swap:             0B          0B          0B 
Filesystem      Size  Used Avail Use% Mounted on overlay         9.6G  2.6G  7.0G  27% / tmpfs            64M     0   64M   0% /dev shm              64M     0   64M   0% /dev/shm /dev/sda1       9.6G  2.6G  7.0G  27% /app/monitor.log tmpfs           984M     0  984M   0% /proc/acpi tmpfs           984M     0  984M   0% /proc/scsi tmpfs           984M     0  984M   0% /sys/devices/virtual/powercap tmpfs           984M     0  984M   0% /sys/firmware 
 12:34:22 up  4:54,  0 users,  load average: 0.09, 0.10, 0.08 
--- 2026-09-27 12:34:25 ---

               total        used        free      shared  buff/cache   available Mem:           1.9Gi       246Mi       564Mi       1.0Mi       1.1Gi       1.6Gi Swap:             0B          0B          0B 
Filesystem      Size  Used Avail Use% Mounted on overlay         9.6G  2.6G  7.0G  27% / tmpfs            64M     0   64M   0% /dev shm              64M     0   64M   0% /dev/shm /dev/sda1       9.6G  2.6G  7.0G  27% /app/monitor.log tmpfs           984M     0  984M   0% /proc/acpi tmpfs           984M     0  984M   0% /proc/scsi tmpfs           984M     0  984M   0% /sys/devices/virtual/powercap tmpfs           984M     0  984M   0% /sys/firmware 
 12:34:25 up  4:54,  0 users,  load average: 0.09, 0.10, 0.08 
--- 2026-09-27 12:34:28 ---

               total        used        free      shared  buff/cache   available Mem:           1.9Gi       246Mi       564Mi       1.0Mi       1.1Gi       1.6Gi Swap:             0B          0B          0B 
Filesystem      Size  Used Avail Use% Mounted on overlay         9.6G  2.6G  7.0G  27% / tmpfs            64M     0   64M   0% /dev shm              64M     0   64M   0% /dev/shm /dev/sda1       9.6G  2.6G  7.0G  27% /app/monitor.log tmpfs           984M     0  984M   0% /proc/acpi tmpfs           984M     0  984M   0% /proc/scsi tmpfs           984M     0  984M   0% /sys/devices/virtual/powercap tmpfs           984M     0  984M   0% /sys/firmware 
 12:34:28 up  4:54,  0 users,  load average: 0.17, 0.11, 0.09 
--- 2026-09-27 12:34:31 ---

               total        used        free      shared  buff/cache   available Mem:           1.9Gi       246Mi       564Mi       1.0Mi       1.1Gi       1.6Gi Swap:             0B          0B          0B 
Filesystem      Size  Used Avail Use% Mounted on overlay         9.6G  2.6G  7.0G  27% / tmpfs            64M     0   64M   0% /dev shm              64M     0   64M   0% /dev/shm /dev/sda1       9.6G  2.6G  7.0G  27% /app/monitor.log tmpfs           984M     0  984M   0% /proc/acpi tmpfs           984M     0  984M   0% /proc/scsi tmpfs           984M     0  984M   0% /sys/devices/virtual/powercap tmpfs           984M     0  984M   0% /sys/firmware 
 12:34:31 up  4:54,  0 users,  load average: 0.17, 0.11, 0.09 
--- 2026-09-27 12:34:34 ---

               total        used        free      shared  buff/cache   available Mem:           1.9Gi       246Mi       564Mi       1.0Mi       1.1Gi       1.6Gi Swap:             0B          0B          0B 
Filesystem      Size  Used Avail Use% Mounted on overlay         9.6G  2.6G  7.0G  27% / tmpfs            64M     0   64M   0% /dev shm              64M     0   64M   0% /dev/shm /dev/sda1       9.6G  2.6G  7.0G  27% /app/monitor.log tmpfs           984M     0  984M   0% /proc/acpi tmpfs           984M     0  984M   0% /proc/scsi tmpfs           984M     0  984M   0% /sys/devices/virtual/powercap tmpfs           984M     0  984M   0% /sys/firmware 
 12:34:34 up  4:54,  0 users,  load average: 0.15, 0.11, 0.08 
--- 2026-09-27 12:34:37 ---

               total        used        free      shared  buff/cache   available Mem:           1.9Gi       246Mi       564Mi       1.0Mi       1.1Gi       1.6Gi Swap:             0B          0B          0B 
Filesystem      Size  Used Avail Use% Mounted on overlay         9.6G  2.6G  7.0G  27% / tmpfs            64M     0   64M   0% /dev shm              64M     0   64M   0% /dev/shm /dev/sda1       9.6G  2.6G  7.0G  27% /app/monitor.log tmpfs           984M     0  984M   0% /proc/acpi tmpfs           984M     0  984M   0% /proc/scsi tmpfs           984M     0  984M   0% /sys/devices/virtual/powercap tmpfs           984M     0  984M   0% /sys/firmware 
 12:34:37 up  4:54,  0 users,  load average: 0.14, 0.11, 0.08 
--- 2026-09-27 12:34:40 ---

               total        used        free      shared  buff/cache   available Mem:           1.9Gi       246Mi       564Mi       1.0Mi       1.1Gi       1.6Gi Swap:             0B          0B          0B 
Filesystem      Size  Used Avail Use% Mounted on overlay         9.6G  2.6G  7.0G  27% / tmpfs            64M     0   64M   0% /dev shm              64M     0   64M   0% /dev/shm /dev/sda1       9.6G  2.6G  7.0G  27% /app/monitor.log tmpfs           984M     0  984M   0% /proc/acpi tmpfs           984M     0  984M   0% /proc/scsi tmpfs           984M     0  984M   0% /sys/devices/virtual/powercap tmpfs           984M     0  984M   0% /sys/firmware 
 12:34:40 up  4:54,  0 users,  load average: 0.14, 0.11, 0.08 
--- 2026-09-27 12:34:43 ---

               total        used        free      shared  buff/cache   available Mem:           1.9Gi       246Mi       564Mi       1.0Mi       1.1Gi       1.6Gi Swap:             0B          0B          0B 
Filesystem      Size  Used Avail Use% Mounted on overlay         9.6G  2.6G  7.0G  27% / tmpfs            64M     0   64M   0% /dev shm              64M     0   64M   0% /dev/shm /dev/sda1       9.6G  2.6G  7.0G  27% /app/monitor.log tmpfs           984M     0  984M   0% /proc/acpi tmpfs           984M     0  984M   0% /proc/scsi tmpfs           984M     0  984M   0% /sys/devices/virtual/powercap tmpfs           984M     0  984M   0% /sys/firmware 
 12:34:43 up  4:55,  0 users,  load average: 0.13, 0.10, 0.08 
--- 2026-09-27 12:34:46 ---

               total        used        free      shared  buff/cache   available Mem:           1.9Gi       246Mi       564Mi       1.0Mi       1.1Gi       1.6Gi Swap:             0B          0B          0B 
Filesystem      Size  Used Avail Use% Mounted on overlay         9.6G  2.6G  7.0G  27% / tmpfs            64M     0   64M   0% /dev shm              64M     0   64M   0% /dev/shm /dev/sda1       9.6G  2.6G  7.0G  27% /app/monitor.log tmpfs           984M     0  984M   0% /proc/acpi tmpfs           984M     0  984M   0% /proc/scsi tmpfs           984M     0  984M   0% /sys/devices/virtual/powercap tmpfs           984M     0  984M   0% /sys/firmware 
 12:34:46 up  4:55,  0 users,  load average: 0.13, 0.10, 0.08 
--- 2026-09-27 12:34:49 ---

               total        used        free      shared  buff/cache   available Mem:           1.9Gi       246Mi       564Mi       1.0Mi       1.1Gi       1.6Gi Swap:             0B          0B          0B 
Filesystem      Size  Used Avail Use% Mounted on overlay         9.6G  2.6G  7.0G  27% / tmpfs            64M     0   64M   0% /dev shm              64M     0   64M   0% /dev/shm /dev/sda1       9.6G  2.6G  7.0G  27% /app/monitor.log tmpfs           984M     0  984M   0% /proc/acpi tmpfs           984M     0  984M   0% /proc/scsi tmpfs           984M     0  984M   0% /sys/devices/virtual/powercap tmpfs           984M     0  984M   0% /sys/firmware 
 12:34:49 up  4:55,  0 users,  load average: 0.12, 0.10, 0.08 
--- 2026-09-27 12:34:52 ---

               total        used        free      shared  buff/cache   available Mem:           1.9Gi       246Mi       564Mi       1.0Mi       1.1Gi       1.6Gi Swap:             0B          0B          0B 
Filesystem      Size  Used Avail Use% Mounted on overlay         9.6G  2.6G  7.0G  27% / tmpfs            64M     0   64M   0% /dev shm              64M     0   64M   0% /dev/shm /dev/sda1       9.6G  2.6G  7.0G  27% /app/monitor.log tmpfs           984M     0  984M   0% /proc/acpi tmpfs           984M     0  984M   0% /proc/scsi tmpfs           984M     0  984M   0% /sys/devices/virtual/powercap tmpfs           984M     0  984M   0% /sys/firmware 
 12:34:52 up  4:55,  0 users,  load average: 0.11, 0.10, 0.08 
--- 2026-09-27 13:00:37 ---

               total        used        free      shared  buff/cache   available Mem:           1.9Gi       253Mi       478Mi       1.0Mi       1.2Gi       1.6Gi Swap:             0B          0B          0B 
Filesystem      Size  Used Avail Use% Mounted on overlay         9.6G  3.0G  6.6G  32% / tmpfs            64M     0   64M   0% /dev shm              64M     0   64M   0% /dev/shm /dev/sda1       9.6G  3.0G  6.6G  32% /app/monitor.log tmpfs           984M     0  984M   0% /proc/acpi tmpfs           984M     0  984M   0% /proc/scsi tmpfs           984M     0  984M   0% /sys/devices/virtual/powercap tmpfs           984M     0  984M   0% /sys/firmware 
 13:00:37 up  5:20,  0 users,  load average: 0.11, 0.06, 0.06 
--- 2026-09-27 13:00:40 ---

               total        used        free      shared  buff/cache   available Mem:           1.9Gi       253Mi       478Mi       1.0Mi       1.2Gi       1.6Gi Swap:             0B          0B          0B 
Filesystem      Size  Used Avail Use% Mounted on overlay         9.6G  3.0G  6.6G  32% / tmpfs            64M     0   64M   0% /dev shm              64M     0   64M   0% /dev/shm /dev/sda1       9.6G  3.0G  6.6G  32% /app/monitor.log tmpfs           984M     0  984M   0% /proc/acpi tmpfs           984M     0  984M   0% /proc/scsi tmpfs           984M     0  984M   0% /sys/devices/virtual/powercap tmpfs           984M     0  984M   0% /sys/firmware 
 13:00:40 up  5:20,  0 users,  load average: 0.10, 0.05, 0.06 
--- 2026-09-27 13:00:43 ---

               total        used        free      shared  buff/cache   available Mem:           1.9Gi       253Mi       478Mi       1.0Mi       1.2Gi       1.6Gi Swap:             0B          0B          0B 
Filesystem      Size  Used Avail Use% Mounted on overlay         9.6G  3.0G  6.6G  32% / tmpfs            64M     0   64M   0% /dev shm              64M     0   64M   0% /dev/shm /dev/sda1       9.6G  3.0G  6.6G  32% /app/monitor.log tmpfs           984M     0  984M   0% /proc/acpi tmpfs           984M     0  984M   0% /proc/scsi tmpfs           984M     0  984M   0% /sys/devices/virtual/powercap tmpfs           984M     0  984M   0% /sys/firmware 
 13:00:43 up  5:21,  0 users,  load average: 0.10, 0.05, 0.06 
--- 2026-09-27 13:00:46 ---

               total        used        free      shared  buff/cache   available Mem:           1.9Gi       252Mi       478Mi       1.0Mi       1.2Gi       1.6Gi Swap:             0B          0B          0B 
Filesystem      Size  Used Avail Use% Mounted on overlay         9.6G  3.0G  6.6G  32% / tmpfs            64M     0   64M   0% /dev shm              64M     0   64M   0% /dev/shm /dev/sda1       9.6G  3.0G  6.6G  32% /app/monitor.log tmpfs           984M     0  984M   0% /proc/acpi tmpfs           984M     0  984M   0% /proc/scsi tmpfs           984M     0  984M   0% /sys/devices/virtual/powercap tmpfs           984M     0  984M   0% /sys/firmware 
 13:00:46 up  5:21,  0 users,  load average: 0.09, 0.05, 0.06 
--- 2026-09-27 13:00:49 ---

               total        used        free      shared  buff/cache   available Mem:           1.9Gi       252Mi       478Mi       1.0Mi       1.2Gi       1.6Gi Swap:             0B          0B          0B 
Filesystem      Size  Used Avail Use% Mounted on overlay         9.6G  3.0G  6.6G  32% / tmpfs            64M     0   64M   0% /dev shm              64M     0   64M   0% /dev/shm /dev/sda1       9.6G  3.0G  6.6G  32% /app/monitor.log tmpfs           984M     0  984M   0% /proc/acpi tmpfs           984M     0  984M   0% /proc/scsi tmpfs           984M     0  984M   0% /sys/devices/virtual/powercap tmpfs           984M     0  984M   0% /sys/firmware 
 13:00:49 up  5:21,  0 users,  load average: 0.08, 0.05, 0.06 
--- 2026-09-27 13:00:52 ---

               total        used        free      shared  buff/cache   available Mem:           1.9Gi       252Mi       478Mi       1.0Mi       1.2Gi       1.6Gi Swap:             0B          0B          0B 
Filesystem      Size  Used Avail Use% Mounted on overlay         9.6G  3.0G  6.6G  32% / tmpfs            64M     0   64M   0% /dev shm              64M     0   64M   0% /dev/shm /dev/sda1       9.6G  3.0G  6.6G  32% /app/monitor.log tmpfs           984M     0  984M   0% /proc/acpi tmpfs           984M     0  984M   0% /proc/scsi tmpfs           984M     0  984M   0% /sys/devices/virtual/powercap tmpfs           984M     0  984M   0% /sys/firmware 
 13:00:52 up  5:21,  0 users,  load average: 0.08, 0.05, 0.06 
--- 2026-09-27 13:00:55 ---

               total        used        free      shared  buff/cache   available Mem:           1.9Gi       252Mi       478Mi       1.0Mi       1.2Gi       1.6Gi Swap:             0B          0B          0B 
Filesystem      Size  Used Avail Use% Mounted on overlay         9.6G  3.0G  6.6G  32% / tmpfs            64M     0   64M   0% /dev shm              64M     0   64M   0% /dev/shm /dev/sda1       9.6G  3.0G  6.6G  32% /app/monitor.log tmpfs           984M     0  984M   0% /proc/acpi tmpfs           984M     0  984M   0% /proc/scsi tmpfs           984M     0  984M   0% /sys/devices/virtual/powercap tmpfs           984M     0  984M   0% /sys/firmware 
 13:00:55 up  5:21,  0 users,  load average: 0.08, 0.05, 0.06 
--- 2026-09-27 13:00:58 ---

               total        used        free      shared  buff/cache   available Mem:           1.9Gi       252Mi       478Mi       1.0Mi       1.2Gi       1.6Gi Swap:             0B          0B          0B 
Filesystem      Size  Used Avail Use% Mounted on overlay         9.6G  3.0G  6.6G  32% / tmpfs            64M     0   64M   0% /dev shm              64M     0   64M   0% /dev/shm /dev/sda1       9.6G  3.0G  6.6G  32% /app/monitor.log tmpfs           984M     0  984M   0% /proc/acpi tmpfs           984M     0  984M   0% /proc/scsi tmpfs           984M     0  984M   0% /sys/devices/virtual/powercap tmpfs           984M     0  984M   0% /sys/firmware 
 13:00:58 up  5:21,  0 users,  load average: 0.07, 0.05, 0.06 
--- 2026-09-27 13:01:01 ---

               total        used        free      shared  buff/cache   available Mem:           1.9Gi       252Mi       478Mi       1.0Mi       1.2Gi       1.6Gi Swap:             0B          0B          0B 
Filesystem      Size  Used Avail Use% Mounted on overlay         9.6G  3.0G  6.6G  32% / tmpfs            64M     0   64M   0% /dev shm              64M     0   64M   0% /dev/shm /dev/sda1       9.6G  3.0G  6.6G  32% /app/monitor.log tmpfs           984M     0  984M   0% /proc/acpi tmpfs           984M     0  984M   0% /proc/scsi tmpfs           984M     0  984M   0% /sys/devices/virtual/powercap tmpfs           984M     0  984M   0% /sys/firmware 
 13:01:01 up  5:21,  0 users,  load average: 0.07, 0.05, 0.06 
--- 2026-09-27 13:01:04 ---

               total        used        free      shared  buff/cache   available Mem:           1.9Gi       252Mi       478Mi       1.0Mi       1.2Gi       1.6Gi Swap:             0B          0B          0B 
Filesystem      Size  Used Avail Use% Mounted on overlay         9.6G  3.0G  6.6G  32% / tmpfs            64M     0   64M   0% /dev shm              64M     0   64M   0% /dev/shm /dev/sda1       9.6G  3.0G  6.6G  32% /app/monitor.log tmpfs           984M     0  984M   0% /proc/acpi tmpfs           984M     0  984M   0% /proc/scsi tmpfs           984M     0  984M   0% /sys/devices/virtual/powercap tmpfs           984M     0  984M   0% /sys/firmware 
 13:01:04 up  5:21,  0 users,  load average: 0.15, 0.07, 0.07 
--- 2026-09-27 13:01:07 ---

               total        used        free      shared  buff/cache   available Mem:           1.9Gi       252Mi       478Mi       1.0Mi       1.2Gi       1.6Gi Swap:             0B          0B          0B 
Filesystem      Size  Used Avail Use% Mounted on overlay         9.6G  3.0G  6.6G  32% / tmpfs            64M     0   64M   0% /dev shm              64M     0   64M   0% /dev/shm /dev/sda1       9.6G  3.0G  6.6G  32% /app/monitor.log tmpfs           984M     0  984M   0% /proc/acpi tmpfs           984M     0  984M   0% /proc/scsi tmpfs           984M     0  984M   0% /sys/devices/virtual/powercap tmpfs           984M     0  984M   0% /sys/firmware 
 13:01:07 up  5:21,  0 users,  load average: 0.15, 0.07, 0.07 
--- 2026-09-27 13:01:10 ---

               total        used        free      shared  buff/cache   available Mem:           1.9Gi       252Mi       478Mi       1.0Mi       1.2Gi       1.6Gi Swap:             0B          0B          0B 
Filesystem      Size  Used Avail Use% Mounted on overlay         9.6G  3.0G  6.6G  32% / tmpfs            64M     0   64M   0% /dev shm              64M     0   64M   0% /dev/shm /dev/sda1       9.6G  3.0G  6.6G  32% /app/monitor.log tmpfs           984M     0  984M   0% /proc/acpi tmpfs           984M     0  984M   0% /proc/scsi tmpfs           984M     0  984M   0% /sys/devices/virtual/powercap tmpfs           984M     0  984M   0% /sys/firmware 
 13:01:10 up  5:21,  0 users,  load average: 0.13, 0.07, 0.07 
--- 2026-09-27 13:01:13 ---

               total        used        free      shared  buff/cache   available Mem:           1.9Gi       252Mi       478Mi       1.0Mi       1.2Gi       1.6Gi Swap:             0B          0B          0B 
Filesystem      Size  Used Avail Use% Mounted on overlay         9.6G  3.0G  6.6G  32% / tmpfs            64M     0   64M   0% /dev shm              64M     0   64M   0% /dev/shm /dev/sda1       9.6G  3.0G  6.6G  32% /app/monitor.log tmpfs           984M     0  984M   0% /proc/acpi tmpfs           984M     0  984M   0% /proc/scsi tmpfs           984M     0  984M   0% /sys/devices/virtual/powercap tmpfs           984M     0  984M   0% /sys/firmware 
 13:01:13 up  5:21,  0 users,  load average: 0.12, 0.06, 0.06 
--- 2026-09-27 13:01:16 ---

               total        used        free      shared  buff/cache   available Mem:           1.9Gi       252Mi       478Mi       1.0Mi       1.2Gi       1.6Gi Swap:             0B          0B          0B 
Filesystem      Size  Used Avail Use% Mounted on overlay         9.6G  3.0G  6.6G  32% / tmpfs            64M     0   64M   0% /dev shm              64M     0   64M   0% /dev/shm /dev/sda1       9.6G  3.0G  6.6G  32% /app/monitor.log tmpfs           984M     0  984M   0% /proc/acpi tmpfs           984M     0  984M   0% /proc/scsi tmpfs           984M     0  984M   0% /sys/devices/virtual/powercap tmpfs           984M     0  984M   0% /sys/firmware 
 13:01:16 up  5:21,  0 users,  load average: 0.12, 0.06, 0.06 
--- 2026-09-27 13:01:19 ---

               total        used        free      shared  buff/cache   available Mem:           1.9Gi       252Mi       478Mi       1.0Mi       1.2Gi       1.6Gi Swap:             0B          0B          0B 
Filesystem      Size  Used Avail Use% Mounted on overlay         9.6G  3.0G  6.6G  32% / tmpfs            64M     0   64M   0% /dev shm              64M     0   64M   0% /dev/shm /dev/sda1       9.6G  3.0G  6.6G  32% /app/monitor.log tmpfs           984M     0  984M   0% /proc/acpi tmpfs           984M     0  984M   0% /proc/scsi tmpfs           984M     0  984M   0% /sys/devices/virtual/powercap tmpfs           984M     0  984M   0% /sys/firmware 
 13:01:19 up  5:21,  0 users,  load average: 0.11, 0.06, 0.06 
--- 2026-09-27 13:01:22 ---

               total        used        free      shared  buff/cache   available Mem:           1.9Gi       262Mi       462Mi       1.0Mi       1.2Gi       1.6Gi Swap:             0B          0B          0B 
Filesystem      Size  Used Avail Use% Mounted on overlay         9.6G  3.0G  6.6G  32% / tmpfs            64M     0   64M   0% /dev shm              64M     0   64M   0% /dev/shm /dev/sda1       9.6G  3.0G  6.6G  32% /app/monitor.log tmpfs           984M     0  984M   0% /proc/acpi tmpfs           984M     0  984M   0% /proc/scsi tmpfs           984M     0  984M   0% /sys/devices/virtual/powercap tmpfs           984M     0  984M   0% /sys/firmware 
 13:01:22 up  5:21,  0 users,  load average: 0.11, 0.06, 0.06 
--- 2026-09-27 13:01:25 ---

               total        used        free      shared  buff/cache   available Mem:           1.9Gi       260Mi       464Mi       1.0Mi       1.2Gi       1.6Gi Swap:             0B          0B          0B 
Filesystem      Size  Used Avail Use% Mounted on overlay         9.6G  3.0G  6.6G  32% / tmpfs            64M     0   64M   0% /dev shm              64M     0   64M   0% /dev/shm /dev/sda1       9.6G  3.0G  6.6G  32% /app/monitor.log tmpfs           984M     0  984M   0% /proc/acpi tmpfs           984M     0  984M   0% /proc/scsi tmpfs           984M     0  984M   0% /sys/devices/virtual/powercap tmpfs           984M     0  984M   0% /sys/firmware 
 13:01:25 up  5:21,  0 users,  load average: 0.10, 0.06, 0.06 
--- 2026-09-27 13:01:28 ---

               total        used        free      shared  buff/cache   available Mem:           1.9Gi       261Mi       463Mi       1.0Mi       1.2Gi       1.6Gi Swap:             0B          0B          0B 
Filesystem      Size  Used Avail Use% Mounted on overlay         9.6G  3.0G  6.6G  32% / tmpfs            64M     0   64M   0% /dev shm              64M     0   64M   0% /dev/shm /dev/sda1       9.6G  3.0G  6.6G  32% /app/monitor.log tmpfs           984M     0  984M   0% /proc/acpi tmpfs           984M     0  984M   0% /proc/scsi tmpfs           984M     0  984M   0% /sys/devices/virtual/powercap tmpfs           984M     0  984M   0% /sys/firmware 
 13:01:28 up  5:21,  0 users,  load average: 0.10, 0.06, 0.06 
--- 2026-09-27 13:01:31 ---

               total        used        free      shared  buff/cache   available Mem:           1.9Gi       260Mi       464Mi       1.0Mi       1.2Gi       1.6Gi Swap:             0B          0B          0B 
Filesystem      Size  Used Avail Use% Mounted on overlay         9.6G  3.0G  6.6G  32% / tmpfs            64M     0   64M   0% /dev shm              64M     0   64M   0% /dev/shm /dev/sda1       9.6G  3.0G  6.6G  32% /app/monitor.log tmpfs           984M     0  984M   0% /proc/acpi tmpfs           984M     0  984M   0% /proc/scsi tmpfs           984M     0  984M   0% /sys/devices/virtual/powercap tmpfs           984M     0  984M   0% /sys/firmware 
 13:01:31 up  5:21,  0 users,  load average: 0.10, 0.06, 0.06 
--- 2026-09-27 13:01:34 ---

               total        used        free      shared  buff/cache   available Mem:           1.9Gi       255Mi       469Mi       1.0Mi       1.2Gi       1.6Gi Swap:             0B          0B          0B 
Filesystem      Size  Used Avail Use% Mounted on overlay         9.6G  3.0G  6.6G  32% / tmpfs            64M     0   64M   0% /dev shm              64M     0   64M   0% /dev/shm /dev/sda1       9.6G  3.0G  6.6G  32% /app/monitor.log tmpfs           984M     0  984M   0% /proc/acpi tmpfs           984M     0  984M   0% /proc/scsi tmpfs           984M     0  984M   0% /sys/devices/virtual/powercap tmpfs           984M     0  984M   0% /sys/firmware 
 13:01:34 up  5:21,  0 users,  load average: 0.09, 0.06, 0.06 
--- 2026-09-27 13:01:37 ---

               total        used        free      shared  buff/cache   available Mem:           1.9Gi       255Mi       469Mi       1.0Mi       1.2Gi       1.6Gi Swap:             0B          0B          0B 
Filesystem      Size  Used Avail Use% Mounted on overlay         9.6G  3.0G  6.6G  32% / tmpfs            64M     0   64M   0% /dev shm              64M     0   64M   0% /dev/shm /dev/sda1       9.6G  3.0G  6.6G  32% /app/monitor.log tmpfs           984M     0  984M   0% /proc/acpi tmpfs           984M     0  984M   0% /proc/scsi tmpfs           984M     0  984M   0% /sys/devices/virtual/powercap tmpfs           984M     0  984M   0% /sys/firmware 
 13:01:37 up  5:21,  0 users,  load average: 0.09, 0.06, 0.06 
--- 2026-09-27 13:01:40 ---

               total        used        free      shared  buff/cache   available Mem:           1.9Gi       255Mi       469Mi       1.0Mi       1.2Gi       1.6Gi Swap:             0B          0B          0B 
Filesystem      Size  Used Avail Use% Mounted on overlay         9.6G  3.0G  6.6G  32% / tmpfs            64M     0   64M   0% /dev shm              64M     0   64M   0% /dev/shm /dev/sda1       9.6G  3.0G  6.6G  32% /app/monitor.log tmpfs           984M     0  984M   0% /proc/acpi tmpfs           984M     0  984M   0% /proc/scsi tmpfs           984M     0  984M   0% /sys/devices/virtual/powercap tmpfs           984M     0  984M   0% /sys/firmware 
 13:01:40 up  5:21,  0 users,  load average: 0.16, 0.07, 0.07 
--- 2026-09-27 13:01:43 ---

               total        used        free      shared  buff/cache   available Mem:           1.9Gi       255Mi       469Mi       1.0Mi       1.2Gi       1.6Gi Swap:             0B          0B          0B 
Filesystem      Size  Used Avail Use% Mounted on overlay         9.6G  3.0G  6.6G  32% / tmpfs            64M     0   64M   0% /dev shm              64M     0   64M   0% /dev/shm /dev/sda1       9.6G  3.0G  6.6G  32% /app/monitor.log tmpfs           984M     0  984M   0% /proc/acpi tmpfs           984M     0  984M   0% /proc/scsi tmpfs           984M     0  984M   0% /sys/devices/virtual/powercap tmpfs           984M     0  984M   0% /sys/firmware 
 13:01:43 up  5:22,  0 users,  load average: 0.15, 0.07, 0.07 
--- 2026-09-27 13:01:46 ---

               total        used        free      shared  buff/cache   available Mem:           1.9Gi       257Mi       467Mi       1.0Mi       1.2Gi       1.6Gi Swap:             0B          0B          0B 
Filesystem      Size  Used Avail Use% Mounted on overlay         9.6G  3.0G  6.6G  32% / tmpfs            64M     0   64M   0% /dev shm              64M     0   64M   0% /dev/shm /dev/sda1       9.6G  3.0G  6.6G  32% /app/monitor.log tmpfs           984M     0  984M   0% /proc/acpi tmpfs           984M     0  984M   0% /proc/scsi tmpfs           984M     0  984M   0% /sys/devices/virtual/powercap tmpfs           984M     0  984M   0% /sys/firmware 
 13:01:46 up  5:22,  0 users,  load average: 0.15, 0.07, 0.07 
--- 2026-09-27 13:01:49 ---

               total        used        free      shared  buff/cache   available Mem:           1.9Gi       258Mi       466Mi       1.0Mi       1.2Gi       1.6Gi Swap:             0B          0B          0B 
Filesystem      Size  Used Avail Use% Mounted on overlay         9.6G  3.0G  6.6G  32% / tmpfs            64M     0   64M   0% /dev shm              64M     0   64M   0% /dev/shm /dev/sda1       9.6G  3.0G  6.6G  32% /app/monitor.log tmpfs           984M     0  984M   0% /proc/acpi tmpfs           984M     0  984M   0% /proc/scsi tmpfs           984M     0  984M   0% /sys/devices/virtual/powercap tmpfs           984M     0  984M   0% /sys/firmware 
 13:01:49 up  5:22,  0 users,  load average: 0.14, 0.07, 0.07 
--- 2026-09-27 13:01:53 ---

               total        used        free      shared  buff/cache   available Mem:           1.9Gi       258Mi       466Mi       1.0Mi       1.2Gi       1.6Gi Swap:             0B          0B          0B 
Filesystem      Size  Used Avail Use% Mounted on overlay         9.6G  3.0G  6.6G  32% / tmpfs            64M     0   64M   0% /dev shm              64M     0   64M   0% /dev/shm /dev/sda1       9.6G  3.0G  6.6G  32% /app/monitor.log tmpfs           984M     0  984M   0% /proc/acpi tmpfs           984M     0  984M   0% /proc/scsi tmpfs           984M     0  984M   0% /sys/devices/virtual/powercap tmpfs           984M     0  984M   0% /sys/firmware 
 13:01:53 up  5:22,  0 users,  load average: 0.14, 0.07, 0.07 
--- 2026-09-27 13:01:56 ---

               total        used        free      shared  buff/cache   available Mem:           1.9Gi       258Mi       466Mi       1.0Mi       1.2Gi       1.6Gi Swap:             0B          0B          0B 
Filesystem      Size  Used Avail Use% Mounted on overlay         9.6G  3.0G  6.6G  32% / tmpfs            64M     0   64M   0% /dev shm              64M     0   64M   0% /dev/shm /dev/sda1       9.6G  3.0G  6.6G  32% /app/monitor.log tmpfs           984M     0  984M   0% /proc/acpi tmpfs           984M     0  984M   0% /proc/scsi tmpfs           984M     0  984M   0% /sys/devices/virtual/powercap tmpfs           984M     0  984M   0% /sys/firmware 
 13:01:56 up  5:22,  0 users,  load average: 0.12, 0.07, 0.07 
--- 2026-09-27 13:01:59 ---

               total        used        free      shared  buff/cache   available Mem:           1.9Gi       258Mi       466Mi       1.0Mi       1.2Gi       1.6Gi Swap:             0B          0B          0B 
Filesystem      Size  Used Avail Use% Mounted on overlay         9.6G  3.0G  6.6G  32% / tmpfs            64M     0   64M   0% /dev shm              64M     0   64M   0% /dev/shm /dev/sda1       9.6G  3.0G  6.6G  32% /app/monitor.log tmpfs           984M     0  984M   0% /proc/acpi tmpfs           984M     0  984M   0% /proc/scsi tmpfs           984M     0  984M   0% /sys/devices/virtual/powercap tmpfs           984M     0  984M   0% /sys/firmware 
 13:01:59 up  5:22,  0 users,  load average: 0.11, 0.07, 0.07 
--- 2026-09-27 13:02:02 ---

               total        used        free      shared  buff/cache   available Mem:           1.9Gi       259Mi       465Mi       1.0Mi       1.2Gi       1.6Gi Swap:             0B          0B          0B 
Filesystem      Size  Used Avail Use% Mounted on overlay         9.6G  3.0G  6.6G  32% / tmpfs            64M     0   64M   0% /dev shm              64M     0   64M   0% /dev/shm /dev/sda1       9.6G  3.0G  6.6G  32% /app/monitor.log tmpfs           984M     0  984M   0% /proc/acpi tmpfs           984M     0  984M   0% /proc/scsi tmpfs           984M     0  984M   0% /sys/devices/virtual/powercap tmpfs           984M     0  984M   0% /sys/firmware 
 13:02:02 up  5:22,  0 users,  load average: 0.11, 0.07, 0.07 
--- 2026-09-27 13:02:05 ---

               total        used        free      shared  buff/cache   available Mem:           1.9Gi       259Mi       465Mi       1.0Mi       1.2Gi       1.6Gi Swap:             0B          0B          0B 
Filesystem      Size  Used Avail Use% Mounted on overlay         9.6G  3.0G  6.6G  32% / tmpfs            64M     0   64M   0% /dev shm              64M     0   64M   0% /dev/shm /dev/sda1       9.6G  3.0G  6.6G  32% /app/monitor.log tmpfs           984M     0  984M   0% /proc/acpi tmpfs           984M     0  984M   0% /proc/scsi tmpfs           984M     0  984M   0% /sys/devices/virtual/powercap tmpfs           984M     0  984M   0% /sys/firmware 
 13:02:05 up  5:22,  0 users,  load average: 0.10, 0.07, 0.07 
--- 2026-09-27 13:02:08 ---

               total        used        free      shared  buff/cache   available Mem:           1.9Gi       259Mi       465Mi       1.0Mi       1.2Gi       1.6Gi Swap:             0B          0B          0B 
Filesystem      Size  Used Avail Use% Mounted on overlay         9.6G  3.0G  6.6G  32% / tmpfs            64M     0   64M   0% /dev shm              64M     0   64M   0% /dev/shm /dev/sda1       9.6G  3.0G  6.6G  32% /app/monitor.log tmpfs           984M     0  984M   0% /proc/acpi tmpfs           984M     0  984M   0% /proc/scsi tmpfs           984M     0  984M   0% /sys/devices/virtual/powercap tmpfs           984M     0  984M   0% /sys/firmware 
 13:02:08 up  5:22,  0 users,  load average: 0.10, 0.07, 0.07 
--- 2026-09-27 13:02:11 ---

               total        used        free      shared  buff/cache   available Mem:           1.9Gi       259Mi       465Mi       1.0Mi       1.2Gi       1.6Gi Swap:             0B          0B          0B 
Filesystem      Size  Used Avail Use% Mounted on overlay         9.6G  3.0G  6.6G  32% / tmpfs            64M     0   64M   0% /dev shm              64M     0   64M   0% /dev/shm /dev/sda1       9.6G  3.0G  6.6G  32% /app/monitor.log tmpfs           984M     0  984M   0% /proc/acpi tmpfs           984M     0  984M   0% /proc/scsi tmpfs           984M     0  984M   0% /sys/devices/virtual/powercap tmpfs           984M     0  984M   0% /sys/firmware 
 13:02:11 up  5:22,  0 users,  load average: 0.10, 0.07, 0.07 
--- 2026-09-27 13:02:14 ---

               total        used        free      shared  buff/cache   available Mem:           1.9Gi       259Mi       465Mi       1.0Mi       1.2Gi       1.6Gi Swap:             0B          0B          0B 
Filesystem      Size  Used Avail Use% Mounted on overlay         9.6G  3.0G  6.6G  32% / tmpfs            64M     0   64M   0% /dev shm              64M     0   64M   0% /dev/shm /dev/sda1       9.6G  3.0G  6.6G  32% /app/monitor.log tmpfs           984M     0  984M   0% /proc/acpi tmpfs           984M     0  984M   0% /proc/scsi tmpfs           984M     0  984M   0% /sys/devices/virtual/powercap tmpfs           984M     0  984M   0% /sys/firmware 
 13:02:14 up  5:22,  0 users,  load average: 0.09, 0.06, 0.06 
--- 2026-09-27 13:02:17 ---

               total        used        free      shared  buff/cache   available Mem:           1.9Gi       259Mi       465Mi       1.0Mi       1.2Gi       1.6Gi Swap:             0B          0B          0B 
Filesystem      Size  Used Avail Use% Mounted on overlay         9.6G  3.0G  6.6G  32% / tmpfs            64M     0   64M   0% /dev shm              64M     0   64M   0% /dev/shm /dev/sda1       9.6G  3.0G  6.6G  32% /app/monitor.log tmpfs           984M     0  984M   0% /proc/acpi tmpfs           984M     0  984M   0% /proc/scsi tmpfs           984M     0  984M   0% /sys/devices/virtual/powercap tmpfs           984M     0  984M   0% /sys/firmware 
 13:02:17 up  5:22,  0 users,  load average: 0.09, 0.06, 0.06 
--- 2026-09-27 13:02:20 ---

               total        used        free      shared  buff/cache   available Mem:           1.9Gi       259Mi       465Mi       1.0Mi       1.2Gi       1.6Gi Swap:             0B          0B          0B 
Filesystem      Size  Used Avail Use% Mounted on overlay         9.6G  3.0G  6.6G  32% / tmpfs            64M     0   64M   0% /dev shm              64M     0   64M   0% /dev/shm /dev/sda1       9.6G  3.0G  6.6G  32% /app/monitor.log tmpfs           984M     0  984M   0% /proc/acpi tmpfs           984M     0  984M   0% /proc/scsi tmpfs           984M     0  984M   0% /sys/devices/virtual/powercap tmpfs           984M     0  984M   0% /sys/firmware 
 13:02:20 up  5:22,  0 users,  load average: 0.08, 0.06, 0.06 
--- 2026-09-27 13:02:23 ---

               total        used        free      shared  buff/cache   available Mem:           1.9Gi       259Mi       465Mi       1.0Mi       1.2Gi       1.6Gi Swap:             0B          0B          0B 
Filesystem      Size  Used Avail Use% Mounted on overlay         9.6G  3.0G  6.6G  32% / tmpfs            64M     0   64M   0% /dev shm              64M     0   64M   0% /dev/shm /dev/sda1       9.6G  3.0G  6.6G  32% /app/monitor.log tmpfs           984M     0  984M   0% /proc/acpi tmpfs           984M     0  984M   0% /proc/scsi tmpfs           984M     0  984M   0% /sys/devices/virtual/powercap tmpfs           984M     0  984M   0% /sys/firmware 
 13:02:23 up  5:22,  0 users,  load average: 0.08, 0.06, 0.06 
--- 2026-09-27 13:02:26 ---

               total        used        free      shared  buff/cache   available Mem:           1.9Gi       259Mi       465Mi       1.0Mi       1.2Gi       1.6Gi Swap:             0B          0B          0B 
Filesystem      Size  Used Avail Use% Mounted on overlay         9.6G  3.0G  6.6G  32% / tmpfs            64M     0   64M   0% /dev shm              64M     0   64M   0% /dev/shm /dev/sda1       9.6G  3.0G  6.6G  32% /app/monitor.log tmpfs           984M     0  984M   0% /proc/acpi tmpfs           984M     0  984M   0% /proc/scsi tmpfs           984M     0  984M   0% /sys/devices/virtual/powercap tmpfs           984M     0  984M   0% /sys/firmware 
 13:02:26 up  5:22,  0 users,  load average: 0.15, 0.08, 0.07 
--- 2026-09-27 13:02:29 ---

               total        used        free      shared  buff/cache   available Mem:           1.9Gi       259Mi       465Mi       1.0Mi       1.2Gi       1.6Gi Swap:             0B          0B          0B 
Filesystem      Size  Used Avail Use% Mounted on overlay         9.6G  3.0G  6.6G  32% / tmpfs            64M     0   64M   0% /dev shm              64M     0   64M   0% /dev/shm /dev/sda1       9.6G  3.0G  6.6G  32% /app/monitor.log tmpfs           984M     0  984M   0% /proc/acpi tmpfs           984M     0  984M   0% /proc/scsi tmpfs           984M     0  984M   0% /sys/devices/virtual/powercap tmpfs           984M     0  984M   0% /sys/firmware 
 13:02:29 up  5:22,  0 users,  load average: 0.14, 0.08, 0.07 
--- 2026-09-27 13:02:32 ---

               total        used        free      shared  buff/cache   available Mem:           1.9Gi       259Mi       465Mi       1.0Mi       1.2Gi       1.6Gi Swap:             0B          0B          0B 
Filesystem      Size  Used Avail Use% Mounted on overlay         9.6G  3.0G  6.6G  32% / tmpfs            64M     0   64M   0% /dev shm              64M     0   64M   0% /dev/shm /dev/sda1       9.6G  3.0G  6.6G  32% /app/monitor.log tmpfs           984M     0  984M   0% /proc/acpi tmpfs           984M     0  984M   0% /proc/scsi tmpfs           984M     0  984M   0% /sys/devices/virtual/powercap tmpfs           984M     0  984M   0% /sys/firmware 
 13:02:32 up  5:22,  0 users,  load average: 0.14, 0.08, 0.07 
--- 2026-09-27 13:02:35 ---

               total        used        free      shared  buff/cache   available Mem:           1.9Gi       259Mi       465Mi       1.0Mi       1.2Gi       1.6Gi Swap:             0B          0B          0B 
Filesystem      Size  Used Avail Use% Mounted on overlay         9.6G  3.0G  6.6G  32% / tmpfs            64M     0   64M   0% /dev shm              64M     0   64M   0% /dev/shm /dev/sda1       9.6G  3.0G  6.6G  32% /app/monitor.log tmpfs           984M     0  984M   0% /proc/acpi tmpfs           984M     0  984M   0% /proc/scsi tmpfs           984M     0  984M   0% /sys/devices/virtual/powercap tmpfs           984M     0  984M   0% /sys/firmware 
 13:02:35 up  5:22,  0 users,  load average: 0.21, 0.09, 0.07 
--- 2026-09-27 13:02:38 ---

               total        used        free      shared  buff/cache   available Mem:           1.9Gi       259Mi       465Mi       1.0Mi       1.2Gi       1.6Gi Swap:             0B          0B          0B 
Filesystem      Size  Used Avail Use% Mounted on overlay         9.6G  3.0G  6.6G  32% / tmpfs            64M     0   64M   0% /dev shm              64M     0   64M   0% /dev/shm /dev/sda1       9.6G  3.0G  6.6G  32% /app/monitor.log tmpfs           984M     0  984M   0% /proc/acpi tmpfs           984M     0  984M   0% /proc/scsi tmpfs           984M     0  984M   0% /sys/devices/virtual/powercap tmpfs           984M     0  984M   0% /sys/firmware 
 13:02:38 up  5:22,  0 users,  load average: 0.19, 0.09, 0.07 
--- 2026-09-27 13:02:41 ---

               total        used        free      shared  buff/cache   available Mem:           1.9Gi       259Mi       465Mi       1.0Mi       1.2Gi       1.6Gi Swap:             0B          0B          0B 
Filesystem      Size  Used Avail Use% Mounted on overlay         9.6G  3.0G  6.6G  32% / tmpfs            64M     0   64M   0% /dev shm              64M     0   64M   0% /dev/shm /dev/sda1       9.6G  3.0G  6.6G  32% /app/monitor.log tmpfs           984M     0  984M   0% /proc/acpi tmpfs           984M     0  984M   0% /proc/scsi tmpfs           984M     0  984M   0% /sys/devices/virtual/powercap tmpfs           984M     0  984M   0% /sys/firmware 
 13:02:41 up  5:22,  0 users,  load average: 0.19, 0.09, 0.07 
--- 2026-09-27 13:02:44 ---

               total        used        free      shared  buff/cache   available Mem:           1.9Gi       259Mi       465Mi       1.0Mi       1.2Gi       1.6Gi Swap:             0B          0B          0B 
Filesystem      Size  Used Avail Use% Mounted on overlay         9.6G  3.0G  6.6G  32% / tmpfs            64M     0   64M   0% /dev shm              64M     0   64M   0% /dev/shm /dev/sda1       9.6G  3.0G  6.6G  32% /app/monitor.log tmpfs           984M     0  984M   0% /proc/acpi tmpfs           984M     0  984M   0% /proc/scsi tmpfs           984M     0  984M   0% /sys/devices/virtual/powercap tmpfs           984M     0  984M   0% /sys/firmware 
 13:02:44 up  5:23,  0 users,  load average: 0.18, 0.09, 0.07 
--- 2026-09-27 13:02:47 ---

               total        used        free      shared  buff/cache   available Mem:           1.9Gi       259Mi       465Mi       1.0Mi       1.2Gi       1.6Gi Swap:             0B          0B          0B 
Filesystem      Size  Used Avail Use% Mounted on overlay         9.6G  3.0G  6.6G  32% / tmpfs            64M     0   64M   0% /dev shm              64M     0   64M   0% /dev/shm /dev/sda1       9.6G  3.0G  6.6G  32% /app/monitor.log tmpfs           984M     0  984M   0% /proc/acpi tmpfs           984M     0  984M   0% /proc/scsi tmpfs           984M     0  984M   0% /sys/devices/virtual/powercap tmpfs           984M     0  984M   0% /sys/firmware 
 13:02:47 up  5:23,  0 users,  load average: 0.18, 0.09, 0.07 
--- 2026-09-27 13:02:50 ---

               total        used        free      shared  buff/cache   available Mem:           1.9Gi       259Mi       465Mi       1.0Mi       1.2Gi       1.6Gi Swap:             0B          0B          0B 
Filesystem      Size  Used Avail Use% Mounted on overlay         9.6G  3.0G  6.6G  32% / tmpfs            64M     0   64M   0% /dev shm              64M     0   64M   0% /dev/shm /dev/sda1       9.6G  3.0G  6.6G  32% /app/monitor.log tmpfs           984M     0  984M   0% /proc/acpi tmpfs           984M     0  984M   0% /proc/scsi tmpfs           984M     0  984M   0% /sys/devices/virtual/powercap tmpfs           984M     0  984M   0% /sys/firmware 
 13:02:50 up  5:23,  0 users,  load average: 0.24, 0.10, 0.08 
--- 2026-09-27 13:02:53 ---

               total        used        free      shared  buff/cache   available Mem:           1.9Gi       259Mi       465Mi       1.0Mi       1.2Gi       1.6Gi Swap:             0B          0B          0B 
Filesystem      Size  Used Avail Use% Mounted on overlay         9.6G  3.0G  6.6G  32% / tmpfs            64M     0   64M   0% /dev shm              64M     0   64M   0% /dev/shm /dev/sda1       9.6G  3.0G  6.6G  32% /app/monitor.log tmpfs           984M     0  984M   0% /proc/acpi tmpfs           984M     0  984M   0% /proc/scsi tmpfs           984M     0  984M   0% /sys/devices/virtual/powercap tmpfs           984M     0  984M   0% /sys/firmware 
 13:02:53 up  5:23,  0 users,  load average: 0.30, 0.12, 0.08 
--- 2026-09-27 13:02:56 ---

               total        used        free      shared  buff/cache   available Mem:           1.9Gi       259Mi       465Mi       1.0Mi       1.2Gi       1.6Gi Swap:             0B          0B          0B 
Filesystem      Size  Used Avail Use% Mounted on overlay         9.6G  3.0G  6.6G  32% / tmpfs            64M     0   64M   0% /dev shm              64M     0   64M   0% /dev/shm /dev/sda1       9.6G  3.0G  6.6G  32% /app/monitor.log tmpfs           984M     0  984M   0% /proc/acpi tmpfs           984M     0  984M   0% /proc/scsi tmpfs           984M     0  984M   0% /sys/devices/virtual/powercap tmpfs           984M     0  984M   0% /sys/firmware 
 13:02:56 up  5:23,  0 users,  load average: 0.30, 0.12, 0.08 
--- 2026-09-27 13:02:59 ---

               total        used        free      shared  buff/cache   available Mem:           1.9Gi       259Mi       465Mi       1.0Mi       1.2Gi       1.6Gi Swap:             0B          0B          0B 
Filesystem      Size  Used Avail Use% Mounted on overlay         9.6G  3.0G  6.6G  32% / tmpfs            64M     0   64M   0% /dev shm              64M     0   64M   0% /dev/shm /dev/sda1       9.6G  3.0G  6.6G  32% /app/monitor.log tmpfs           984M     0  984M   0% /proc/acpi tmpfs           984M     0  984M   0% /proc/scsi tmpfs           984M     0  984M   0% /sys/devices/virtual/powercap tmpfs           984M     0  984M   0% /sys/firmware 
 13:02:59 up  5:23,  0 users,  load average: 0.28, 0.12, 0.08 
--- 2026-09-27 13:03:02 ---

               total        used        free      shared  buff/cache   available Mem:           1.9Gi       259Mi       465Mi       1.0Mi       1.2Gi       1.6Gi Swap:             0B          0B          0B 
Filesystem      Size  Used Avail Use% Mounted on overlay         9.6G  3.0G  6.6G  32% / tmpfs            64M     0   64M   0% /dev shm              64M     0   64M   0% /dev/shm /dev/sda1       9.6G  3.0G  6.6G  32% /app/monitor.log tmpfs           984M     0  984M   0% /proc/acpi tmpfs           984M     0  984M   0% /proc/scsi tmpfs           984M     0  984M   0% /sys/devices/virtual/powercap tmpfs           984M     0  984M   0% /sys/firmware 
 13:03:02 up  5:23,  0 users,  load average: 0.28, 0.12, 0.08 
--- 2026-09-27 13:03:05 ---

               total        used        free      shared  buff/cache   available Mem:           1.9Gi       278Mi       446Mi       1.0Mi       1.2Gi       1.6Gi Swap:             0B          0B          0B 
Filesystem      Size  Used Avail Use% Mounted on overlay         9.6G  3.0G  6.6G  32% / tmpfs            64M     0   64M   0% /dev shm              64M     0   64M   0% /dev/shm /dev/sda1       9.6G  3.0G  6.6G  32% /app/monitor.log tmpfs           984M     0  984M   0% /proc/acpi tmpfs           984M     0  984M   0% /proc/scsi tmpfs           984M     0  984M   0% /sys/devices/virtual/powercap tmpfs           984M     0  984M   0% /sys/firmware 
 13:03:05 up  5:23,  0 users,  load average: 0.26, 0.11, 0.08 
--- 2026-09-27 13:03:08 ---

               total        used        free      shared  buff/cache   available Mem:           1.9Gi       278Mi       446Mi       1.0Mi       1.2Gi       1.6Gi Swap:             0B          0B          0B 
Filesystem      Size  Used Avail Use% Mounted on overlay         9.6G  3.0G  6.6G  32% / tmpfs            64M     0   64M   0% /dev shm              64M     0   64M   0% /dev/shm /dev/sda1       9.6G  3.0G  6.6G  32% /app/monitor.log tmpfs           984M     0  984M   0% /proc/acpi tmpfs           984M     0  984M   0% /proc/scsi tmpfs           984M     0  984M   0% /sys/devices/virtual/powercap tmpfs           984M     0  984M   0% /sys/firmware 
 13:03:08 up  5:23,  0 users,  load average: 0.24, 0.11, 0.08 
--- 2026-09-27 13:03:11 ---

               total        used        free      shared  buff/cache   available Mem:           1.9Gi       278Mi       446Mi       1.0Mi       1.2Gi       1.6Gi Swap:             0B          0B          0B 
Filesystem      Size  Used Avail Use% Mounted on overlay         9.6G  3.0G  6.6G  32% / tmpfs            64M     0   64M   0% /dev shm              64M     0   64M   0% /dev/shm /dev/sda1       9.6G  3.0G  6.6G  32% /app/monitor.log tmpfs           984M     0  984M   0% /proc/acpi tmpfs           984M     0  984M   0% /proc/scsi tmpfs           984M     0  984M   0% /sys/devices/virtual/powercap tmpfs           984M     0  984M   0% /sys/firmware 
 13:03:11 up  5:23,  0 users,  load average: 0.24, 0.11, 0.08 